[polymarket_prices] catalog: 34197 census events, 3483 extension events
[polymarket_prices] index: data/dump/odds/polymarket/event_index.parquet 37,680 rows, data/dump/odds/polymarket/market_index.parquet 464,266 rows
[polymarket_prices] WARNING slam_main.jsonl.gz: 1 damaged gzip member(s); requests without a stored body will be re-fetched
[polymarket_prices] buckets ['slam_main', 'slam_qualifying', 'tour_finals', 'tour_1000', 'tour_500', 'tour_250', 'tour_qualifying', 'doubles', 'slam_juniors', 'outrights', 'team_exhibition', 'other', 'challenger_125_inferred', 'itf']: 36271 markets selected ({'tour_250': 1538, 'tour_500': 1017, 'tour_qualifying': 1699, 'team_exhibition': 38, 'tour_1000': 1660, 'challenger_125_inferred': 7021, 'tour_finals': 51, 'slam_qualifying': 832, 'slam_main': 1007, 'slam_juniors': 692, 'doubles': 2786, 'itf': 17930}); 3162 requests to make; skipped {'already fetched': 33133}
[polymarket_prices] 250/3162 requests, 250 ok, 0 empty, 0 errors, 640,588 points, 8.0 req/s, ~6 min left
[polymarket_prices] 500/3162 requests, 500 ok, 0 empty, 0 errors, 1,116,271 points, 8.0 req/s, ~6 min left
[polymarket_prices] 750/3162 requests, 750 ok, 0 empty, 0 errors, 1,610,201 points, 8.0 req/s, ~5 min left
[polymarket_prices] 1000/3162 requests, 1000 ok, 0 empty, 0 errors, 2,025,316 points, 8.0 req/s, ~5 min left
[polymarket_prices] 1250/3162 requests, 1250 ok, 0 empty, 0 errors, 2,421,253 points, 8.0 req/s, ~4 min left
[polymarket_prices] 1500/3162 requests, 1500 ok, 0 empty, 0 errors, 2,755,361 points, 8.0 req/s, ~3 min left
[polymarket_prices] 1750/3162 requests, 1750 ok, 0 empty, 0 errors, 3,062,906 points, 8.0 req/s, ~3 min left
[polymarket_prices] 2000/3162 requests, 2000 ok, 0 empty, 0 errors, 3,347,062 points, 8.0 req/s, ~2 min left
[polymarket_prices] 2250/3162 requests, 2250 ok, 0 empty, 0 errors, 3,592,837 points, 8.0 req/s, ~2 min left
[polymarket_prices] 2500/3162 requests, 2500 ok, 0 empty, 0 errors, 3,927,598 points, 8.0 req/s, ~1 min left
[polymarket_prices] 2750/3162 requests, 2750 ok, 0 empty, 0 errors, 4,258,203 points, 8.0 req/s, ~1 min left
[polymarket_prices] 3000/3162 requests, 3000 ok, 0 empty, 0 errors, 4,571,625 points, 8.0 req/s, ~0 min left
[polymarket_prices] 3162/3162 requests, 3162 ok, 0 empty, 0 errors, 4,758,487 points, 8.0 req/s, ~0 min left
[polymarket_prices] rebuilt challenger_125_inferred: 7021 markets, 14,548,649 points, 9 month files
[polymarket_prices] rebuilt doubles: 2786 markets, 8,120,697 points, 5 month files
[polymarket_prices] rebuilt itf: 17930 markets, 20,354,527 points, 5 month files
[polymarket_prices] rebuilt slam_juniors: 692 markets, 1,542,061 points, 6 month files
[polymarket_prices] WARNING slam_main.jsonl.gz: 1 damaged gzip member(s) skipped
[polymarket_prices] rebuilt slam_main: 1007 markets, 3,921,396 points, 7 month files
[polymarket_prices] rebuilt slam_qualifying: 832 markets, 1,379,385 points, 4 month files
[polymarket_prices] rebuilt team_exhibition: 38 markets, 62,899 points, 3 month files
[polymarket_prices] rebuilt tour_1000: 1660 markets, 4,053,136 points, 8 month files
[polymarket_prices] rebuilt tour_250: 1538 markets, 3,605,545 points, 12 month files
[polymarket_prices] rebuilt tour_500: 1017 markets, 2,412,556 points, 11 month files
[polymarket_prices] rebuilt tour_finals: 51 markets, 221,678 points, 2 month files
[polymarket_prices] rebuilt tour_qualifying: 1699 markets, 1,995,719 points, 12 month files
[polymarket_prices] done: {"source": "polymarket_prices", "markets_selected": 36271, "markets_per_bucket": {"tour_250": 1538, "tour_500": 1017, "tour_qualifying": 1699, "team_exhibition": 38, "tour_1000": 1660, "challenger_125_inferred": 7021, "tour_finals": 51, "slam_qualifying": 832, "slam_main": 1007, "slam_juniors": 692, "doubles": 2786, "itf": 17930}, "requests_planned": 3162, "skipped": {"already fetched": 33133}, "fetch": {"ok": 3162, "points": 4758487, "done": 3162, "seconds": 395.5}, "price_files": 84, "price_points": 62218248, "request_errors": 0}
