[polymarket_prices] WARNING truncated bodies file slam_main.jsonl.gz; later requests will be re-fetched
[polymarket_prices] buckets ['slam_main', 'slam_qualifying', 'tour_finals', 'tour_1000', 'tour_500', 'tour_250', 'tour_qualifying', 'doubles', 'slam_juniors', 'outrights', 'team_exhibition', 'other', 'challenger_125_inferred', 'itf']: 33116 markets selected ({'tour_250': 1525, 'tour_500': 1001, 'tour_qualifying': 1659, 'team_exhibition': 7, 'tour_1000': 1660, 'challenger_125_inferred': 6293, 'tour_finals': 51, 'slam_qualifying': 832, 'slam_main': 1005, 'slam_juniors': 680, 'doubles': 2532, 'itf': 15871}); 32694 requests to make; skipped {'already fetched': 446}
[polymarket_prices] 250/32694 requests, 250 ok, 0 empty, 0 errors, 867,539 points, 8.0 req/s, ~68 min left
[polymarket_prices] 500/32694 requests, 500 ok, 0 empty, 0 errors, 1,875,101 points, 8.0 req/s, ~67 min left
[polymarket_prices] 750/32694 requests, 750 ok, 0 empty, 0 errors, 2,284,964 points, 7.9 req/s, ~67 min left
[polymarket_prices] 1000/32694 requests, 1000 ok, 0 empty, 0 errors, 2,693,042 points, 8.0 req/s, ~66 min left
[polymarket_prices] 1250/32694 requests, 1250 ok, 0 empty, 0 errors, 3,090,554 points, 8.0 req/s, ~66 min left
[polymarket_prices] 1500/32694 requests, 1500 ok, 0 empty, 0 errors, 3,761,372 points, 8.0 req/s, ~65 min left
[polymarket_prices] 1750/32694 requests, 1750 ok, 0 empty, 0 errors, 4,328,172 points, 8.0 req/s, ~64 min left
[polymarket_prices] 2000/32694 requests, 2000 ok, 0 empty, 0 errors, 4,905,481 points, 8.0 req/s, ~64 min left
[polymarket_prices] 2250/32694 requests, 2250 ok, 0 empty, 0 errors, 5,571,489 points, 8.0 req/s, ~63 min left
[polymarket_prices] 2500/32694 requests, 2500 ok, 0 empty, 0 errors, 6,206,276 points, 8.0 req/s, ~63 min left
[polymarket_prices] 2750/32694 requests, 2750 ok, 0 empty, 0 errors, 6,826,044 points, 8.0 req/s, ~62 min left
[polymarket_prices] 3000/32694 requests, 3000 ok, 0 empty, 0 errors, 7,442,009 points, 8.0 req/s, ~62 min left
[polymarket_prices] 3250/32694 requests, 3250 ok, 0 empty, 0 errors, 8,071,701 points, 8.0 req/s, ~61 min left
[polymarket_prices] 3500/32694 requests, 3500 ok, 0 empty, 0 errors, 8,679,976 points, 8.0 req/s, ~61 min left
[polymarket_prices] 3750/32694 requests, 3750 ok, 0 empty, 0 errors, 9,264,010 points, 8.0 req/s, ~60 min left
[polymarket_prices] 4000/32694 requests, 4000 ok, 0 empty, 0 errors, 9,835,272 points, 8.0 req/s, ~60 min left
[polymarket_prices] 4250/32694 requests, 4250 ok, 0 empty, 0 errors, 10,316,241 points, 8.0 req/s, ~59 min left
[polymarket_prices] 4500/32694 requests, 4500 ok, 0 empty, 0 errors, 10,942,889 points, 8.0 req/s, ~59 min left
[polymarket_prices] 4750/32694 requests, 4750 ok, 0 empty, 0 errors, 11,576,918 points, 8.0 req/s, ~58 min left
[polymarket_prices] 5000/32694 requests, 5000 ok, 0 empty, 0 errors, 12,250,350 points, 8.0 req/s, ~58 min left
[polymarket_prices] 5250/32694 requests, 5250 ok, 0 empty, 0 errors, 12,803,714 points, 8.0 req/s, ~57 min left
[polymarket_prices] 5500/32694 requests, 5500 ok, 0 empty, 0 errors, 13,375,534 points, 8.0 req/s, ~57 min left
[polymarket_prices] 5750/32694 requests, 5750 ok, 0 empty, 0 errors, 13,735,136 points, 8.0 req/s, ~56 min left
[polymarket_prices] 6000/32694 requests, 6000 ok, 0 empty, 0 errors, 14,029,294 points, 8.0 req/s, ~56 min left
[polymarket_prices] 6250/32694 requests, 6250 ok, 0 empty, 0 errors, 14,342,119 points, 8.0 req/s, ~55 min left
[polymarket_prices] 6500/32694 requests, 6500 ok, 0 empty, 0 errors, 14,709,972 points, 8.0 req/s, ~55 min left
[polymarket_prices] 6750/32694 requests, 6750 ok, 0 empty, 0 errors, 15,009,136 points, 8.0 req/s, ~54 min left
[polymarket_prices] 7000/32694 requests, 7000 ok, 0 empty, 0 errors, 15,272,350 points, 8.0 req/s, ~54 min left
[polymarket_prices] 7250/32694 requests, 7250 ok, 0 empty, 0 errors, 15,523,847 points, 8.0 req/s, ~53 min left
[polymarket_prices] 7500/32694 requests, 7500 ok, 0 empty, 0 errors, 16,119,439 points, 8.0 req/s, ~52 min left
[polymarket_prices] 7750/32694 requests, 7750 ok, 0 empty, 0 errors, 17,045,984 points, 8.0 req/s, ~52 min left
[polymarket_prices] 8000/32694 requests, 8000 ok, 0 empty, 0 errors, 17,796,276 points, 8.0 req/s, ~51 min left
[polymarket_prices] 8250/32694 requests, 8250 ok, 0 empty, 0 errors, 18,472,621 points, 8.0 req/s, ~51 min left
[polymarket_prices] 8500/32694 requests, 8500 ok, 0 empty, 0 errors, 19,324,542 points, 8.0 req/s, ~50 min left
[polymarket_prices] 8750/32694 requests, 8750 ok, 0 empty, 0 errors, 19,896,159 points, 8.0 req/s, ~50 min left
[polymarket_prices] 9000/32694 requests, 9000 ok, 0 empty, 0 errors, 20,710,386 points, 8.0 req/s, ~49 min left
[polymarket_prices] 9250/32694 requests, 9250 ok, 0 empty, 0 errors, 21,406,554 points, 8.0 req/s, ~49 min left
[polymarket_prices] 9500/32694 requests, 9500 ok, 0 empty, 0 errors, 22,044,482 points, 8.0 req/s, ~48 min left
[polymarket_prices] 9750/32694 requests, 9750 ok, 0 empty, 0 errors, 22,792,205 points, 8.0 req/s, ~48 min left
[polymarket_prices] 10000/32694 requests, 10000 ok, 0 empty, 0 errors, 23,351,841 points, 8.0 req/s, ~47 min left
[polymarket_prices] 10250/32694 requests, 10250 ok, 0 empty, 0 errors, 24,015,908 points, 8.0 req/s, ~47 min left
[polymarket_prices] 10500/32694 requests, 10500 ok, 0 empty, 0 errors, 24,459,778 points, 8.0 req/s, ~46 min left
[polymarket_prices] 10750/32694 requests, 10750 ok, 0 empty, 0 errors, 25,011,861 points, 8.0 req/s, ~46 min left
[polymarket_prices] 11000/32694 requests, 11000 ok, 0 empty, 0 errors, 25,556,881 points, 8.0 req/s, ~45 min left
[polymarket_prices] 11250/32694 requests, 11250 ok, 0 empty, 0 errors, 26,114,556 points, 8.0 req/s, ~45 min left
[polymarket_prices] 11500/32694 requests, 11500 ok, 0 empty, 0 errors, 26,635,190 points, 8.0 req/s, ~44 min left
[polymarket_prices] 11750/32694 requests, 11750 ok, 0 empty, 0 errors, 27,195,386 points, 8.0 req/s, ~44 min left
[polymarket_prices] 12000/32694 requests, 12000 ok, 0 empty, 0 errors, 27,818,732 points, 8.0 req/s, ~43 min left
[polymarket_prices] 12250/32694 requests, 12250 ok, 0 empty, 0 errors, 28,409,961 points, 8.0 req/s, ~43 min left
[polymarket_prices] 12500/32694 requests, 12500 ok, 0 empty, 0 errors, 28,944,227 points, 8.0 req/s, ~42 min left
[polymarket_prices] 12750/32694 requests, 12750 ok, 0 empty, 0 errors, 29,508,103 points, 8.0 req/s, ~42 min left
[polymarket_prices] 13000/32694 requests, 13000 ok, 0 empty, 0 errors, 30,019,040 points, 8.0 req/s, ~41 min left
[polymarket_prices] 13250/32694 requests, 13250 ok, 0 empty, 0 errors, 30,507,009 points, 8.0 req/s, ~41 min left
[polymarket_prices] 13500/32694 requests, 13500 ok, 0 empty, 0 errors, 31,111,194 points, 8.0 req/s, ~40 min left
[polymarket_prices] 13750/32694 requests, 13750 ok, 0 empty, 0 errors, 31,713,132 points, 8.0 req/s, ~39 min left
[polymarket_prices] 14000/32694 requests, 14000 ok, 0 empty, 0 errors, 32,273,450 points, 8.0 req/s, ~39 min left
[polymarket_prices] 14250/32694 requests, 14250 ok, 0 empty, 0 errors, 32,746,058 points, 8.0 req/s, ~38 min left
[polymarket_prices] 14500/32694 requests, 14500 ok, 0 empty, 0 errors, 33,281,706 points, 8.0 req/s, ~38 min left
[polymarket_prices] 14750/32694 requests, 14750 ok, 0 empty, 0 errors, 33,847,792 points, 8.0 req/s, ~37 min left
[polymarket_prices] 15000/32694 requests, 15000 ok, 0 empty, 0 errors, 34,351,808 points, 8.0 req/s, ~37 min left
[polymarket_prices] 15250/32694 requests, 15250 ok, 0 empty, 0 errors, 34,832,245 points, 8.0 req/s, ~36 min left
[polymarket_prices] 15500/32694 requests, 15500 ok, 0 empty, 0 errors, 35,379,074 points, 8.0 req/s, ~36 min left
[polymarket_prices] 15750/32694 requests, 15750 ok, 0 empty, 0 errors, 35,920,719 points, 8.0 req/s, ~35 min left
[polymarket_prices] 16000/32694 requests, 16000 ok, 0 empty, 0 errors, 36,341,640 points, 8.0 req/s, ~35 min left
[polymarket_prices] 16250/32694 requests, 16250 ok, 0 empty, 0 errors, 36,675,659 points, 8.0 req/s, ~34 min left
[polymarket_prices] 16500/32694 requests, 16500 ok, 0 empty, 0 errors, 37,113,181 points, 8.0 req/s, ~34 min left
[polymarket_prices] 16750/32694 requests, 16750 ok, 0 empty, 0 errors, 37,606,649 points, 8.0 req/s, ~33 min left
[polymarket_prices] 17000/32694 requests, 17000 ok, 0 empty, 0 errors, 37,912,104 points, 8.0 req/s, ~33 min left
[polymarket_prices] 17250/32694 requests, 17250 ok, 0 empty, 0 errors, 38,323,025 points, 8.0 req/s, ~32 min left
[polymarket_prices] 17500/32694 requests, 17500 ok, 0 empty, 0 errors, 38,915,159 points, 8.0 req/s, ~32 min left
[polymarket_prices] 17750/32694 requests, 17750 ok, 0 empty, 0 errors, 39,178,542 points, 8.0 req/s, ~31 min left
[polymarket_prices] 18000/32694 requests, 18000 ok, 0 empty, 0 errors, 39,439,622 points, 8.0 req/s, ~31 min left
[polymarket_prices] 18250/32694 requests, 18250 ok, 0 empty, 0 errors, 39,750,950 points, 8.0 req/s, ~30 min left
[polymarket_prices] 18500/32694 requests, 18500 ok, 0 empty, 0 errors, 39,996,158 points, 8.0 req/s, ~30 min left
[polymarket_prices] 18750/32694 requests, 18750 ok, 0 empty, 0 errors, 40,285,868 points, 8.0 req/s, ~29 min left
[polymarket_prices] 19000/32694 requests, 19000 ok, 0 empty, 0 errors, 40,541,749 points, 8.0 req/s, ~29 min left
[polymarket_prices] 19250/32694 requests, 19250 ok, 0 empty, 0 errors, 40,750,132 points, 8.0 req/s, ~28 min left
[polymarket_prices] 19500/32694 requests, 19500 ok, 0 empty, 0 errors, 41,152,753 points, 8.0 req/s, ~27 min left
[polymarket_prices] 19750/32694 requests, 19750 ok, 0 empty, 0 errors, 41,420,373 points, 8.0 req/s, ~27 min left
[polymarket_prices] 20000/32694 requests, 20000 ok, 0 empty, 0 errors, 41,616,947 points, 8.0 req/s, ~26 min left
[polymarket_prices] 20250/32694 requests, 20250 ok, 0 empty, 0 errors, 41,803,778 points, 8.0 req/s, ~26 min left
[polymarket_prices] 20500/32694 requests, 20500 ok, 0 empty, 0 errors, 42,122,438 points, 8.0 req/s, ~25 min left
[polymarket_prices] 20750/32694 requests, 20750 ok, 0 empty, 0 errors, 42,330,945 points, 8.0 req/s, ~25 min left
[polymarket_prices] 21000/32694 requests, 21000 ok, 0 empty, 0 errors, 42,526,899 points, 8.0 req/s, ~24 min left
[polymarket_prices] 21250/32694 requests, 21250 ok, 0 empty, 0 errors, 42,790,182 points, 8.0 req/s, ~24 min left
[polymarket_prices] 21500/32694 requests, 21500 ok, 0 empty, 0 errors, 43,027,111 points, 8.0 req/s, ~23 min left
[polymarket_prices] 21750/32694 requests, 21750 ok, 0 empty, 0 errors, 43,207,054 points, 8.0 req/s, ~23 min left
[polymarket_prices] 22000/32694 requests, 22000 ok, 0 empty, 0 errors, 43,407,466 points, 8.0 req/s, ~22 min left
[polymarket_prices] 22250/32694 requests, 22250 ok, 0 empty, 0 errors, 43,631,405 points, 8.0 req/s, ~22 min left
[polymarket_prices] 22500/32694 requests, 22500 ok, 0 empty, 0 errors, 43,824,539 points, 8.0 req/s, ~21 min left
[polymarket_prices] 22750/32694 requests, 22750 ok, 0 empty, 0 errors, 44,038,207 points, 8.0 req/s, ~21 min left
[polymarket_prices] 23000/32694 requests, 23000 ok, 0 empty, 0 errors, 44,339,068 points, 8.0 req/s, ~20 min left
[polymarket_prices] 23250/32694 requests, 23250 ok, 0 empty, 0 errors, 44,540,360 points, 8.0 req/s, ~20 min left
[polymarket_prices] 23500/32694 requests, 23500 ok, 0 empty, 0 errors, 44,762,728 points, 8.0 req/s, ~19 min left
[polymarket_prices] 23750/32694 requests, 23750 ok, 0 empty, 0 errors, 45,088,502 points, 8.0 req/s, ~19 min left
[polymarket_prices] 24000/32694 requests, 24000 ok, 0 empty, 0 errors, 45,329,500 points, 8.0 req/s, ~18 min left
[polymarket_prices] 24250/32694 requests, 24250 ok, 0 empty, 0 errors, 45,541,787 points, 8.0 req/s, ~18 min left
[polymarket_prices] 24500/32694 requests, 24500 ok, 0 empty, 0 errors, 45,837,596 points, 8.0 req/s, ~17 min left
[polymarket_prices] 24750/32694 requests, 24750 ok, 0 empty, 0 errors, 46,124,451 points, 8.0 req/s, ~17 min left
[polymarket_prices] 25000/32694 requests, 25000 ok, 0 empty, 0 errors, 46,334,918 points, 8.0 req/s, ~16 min left
[polymarket_prices] 25250/32694 requests, 25250 ok, 0 empty, 0 errors, 46,609,442 points, 8.0 req/s, ~16 min left
[polymarket_prices] 25500/32694 requests, 25500 ok, 0 empty, 0 errors, 46,930,406 points, 8.0 req/s, ~15 min left
[polymarket_prices] 25750/32694 requests, 25750 ok, 0 empty, 0 errors, 47,136,736 points, 8.0 req/s, ~14 min left
[polymarket_prices] 26000/32694 requests, 26000 ok, 0 empty, 0 errors, 47,357,385 points, 8.0 req/s, ~14 min left
[polymarket_prices] 26250/32694 requests, 26250 ok, 0 empty, 0 errors, 47,750,266 points, 8.0 req/s, ~13 min left
[polymarket_prices] 26500/32694 requests, 26500 ok, 0 empty, 0 errors, 48,096,351 points, 8.0 req/s, ~13 min left
[polymarket_prices] 26750/32694 requests, 26750 ok, 0 empty, 0 errors, 48,369,432 points, 8.0 req/s, ~12 min left
[polymarket_prices] 27000/32694 requests, 27000 ok, 0 empty, 0 errors, 48,674,565 points, 8.0 req/s, ~12 min left
[polymarket_prices] 27250/32694 requests, 27250 ok, 0 empty, 0 errors, 48,950,231 points, 8.0 req/s, ~11 min left
[polymarket_prices] 27500/32694 requests, 27500 ok, 0 empty, 0 errors, 49,162,516 points, 8.0 req/s, ~11 min left
[polymarket_prices] 27750/32694 requests, 27750 ok, 0 empty, 0 errors, 49,418,282 points, 8.0 req/s, ~10 min left
[polymarket_prices] 28000/32694 requests, 28000 ok, 0 empty, 0 errors, 49,680,708 points, 8.0 req/s, ~10 min left
[polymarket_prices] 28250/32694 requests, 28250 ok, 0 empty, 0 errors, 49,970,428 points, 8.0 req/s, ~9 min left
[polymarket_prices] 28500/32694 requests, 28500 ok, 0 empty, 0 errors, 50,263,552 points, 8.0 req/s, ~9 min left
[polymarket_prices] 28750/32694 requests, 28750 ok, 0 empty, 0 errors, 50,480,529 points, 8.0 req/s, ~8 min left
[polymarket_prices] 29000/32694 requests, 29000 ok, 0 empty, 0 errors, 50,688,992 points, 8.0 req/s, ~8 min left
[polymarket_prices] 29250/32694 requests, 29250 ok, 0 empty, 0 errors, 50,965,145 points, 8.0 req/s, ~7 min left
[polymarket_prices] 29500/32694 requests, 29500 ok, 0 empty, 0 errors, 51,235,274 points, 8.0 req/s, ~7 min left
[polymarket_prices] 29750/32694 requests, 29750 ok, 0 empty, 0 errors, 51,494,514 points, 8.0 req/s, ~6 min left
[polymarket_prices] 30000/32694 requests, 30000 ok, 0 empty, 0 errors, 51,738,771 points, 8.0 req/s, ~6 min left
[polymarket_prices] 30250/32694 requests, 30250 ok, 1 empty, 0 errors, 51,949,917 points, 8.0 req/s, ~5 min left
[polymarket_prices] 30500/32694 requests, 30500 ok, 1 empty, 0 errors, 52,236,836 points, 8.0 req/s, ~5 min left
[polymarket_prices] 30750/32694 requests, 30750 ok, 1 empty, 0 errors, 52,481,743 points, 8.0 req/s, ~4 min left
[polymarket_prices] 31000/32694 requests, 31000 ok, 1 empty, 0 errors, 52,735,103 points, 8.0 req/s, ~4 min left
[polymarket_prices] 31250/32694 requests, 31250 ok, 1 empty, 0 errors, 53,087,647 points, 8.0 req/s, ~3 min left
[polymarket_prices] 31500/32694 requests, 31500 ok, 1 empty, 0 errors, 53,804,377 points, 8.0 req/s, ~2 min left
[polymarket_prices] 31750/32694 requests, 31750 ok, 1 empty, 0 errors, 54,538,833 points, 8.0 req/s, ~2 min left
[polymarket_prices] 32000/32694 requests, 32000 ok, 1 empty, 0 errors, 54,855,299 points, 8.0 req/s, ~1 min left
[polymarket_prices] 32250/32694 requests, 32250 ok, 1 empty, 0 errors, 55,114,482 points, 8.0 req/s, ~1 min left
[polymarket_prices] 32500/32694 requests, 32500 ok, 1 empty, 0 errors, 55,395,019 points, 8.0 req/s, ~0 min left
[polymarket_prices] 32694/32694 requests, 32694 ok, 1 empty, 0 errors, 55,597,006 points, 8.0 req/s, ~0 min left
[polymarket_prices] rebuilt challenger_125_inferred: 6293 markets, 13,266,893 points, 9 month files
[polymarket_prices] rebuilt doubles: 2532 markets, 7,358,848 points, 5 month files
[polymarket_prices] rebuilt itf: 15871 markets, 17,859,276 points, 5 month files
[polymarket_prices] rebuilt slam_juniors: 680 markets, 1,527,824 points, 6 month files
Traceback (most recent call last):
  File "<frozen runpy>", line 198, in _run_module_as_main
  File "<frozen runpy>", line 88, in _run_code
  File "C:\Users\zerom\Documents\Tennis-predictions\src\ingest\public_dump\polymarket_prices.py", line 553, in <module>
    C.log(f"[{SOURCE}] buckets {buckets}: {sum(per_bucket.values())} markets selected "
         ^^^^^^
  File "C:\Users\zerom\Documents\Tennis-predictions\src\ingest\public_dump\polymarket_prices.py", line 543, in main
    metas = build_index(events, out_dir)
          ^^^^^^^^^^^^^^^^^^^^^^^^
  File "C:\Users\zerom\Documents\Tennis-predictions\src\ingest\public_dump\polymarket_prices.py", line 518, in run
    for month, writer in writers.items():
            ^^^^^^^^^^^^^^^^^^^^^^^^^^^^^^
  File "C:\Users\zerom\Documents\Tennis-predictions\src\ingest\public_dump\polymarket_prices.py", line 444, in rebuild_parquet
    bucket = path.name[: -len(".jsonl.gz")]
                       ^^^^^^^^^^^^^^^^^
  File "C:\Users\zerom\miniforge3\envs\tennis\Lib\gzip.py", line 314, in read1
    return self._buffer.read1(size)
           ^^^^^^^^^^^^^^^^^^^^^^^^
  File "C:\Users\zerom\miniforge3\envs\tennis\Lib\_compression.py", line 68, in readinto
    data = self.read(len(byte_view))
           ^^^^^^^^^^^^^^^^^^^^^^^^^
  File "C:\Users\zerom\miniforge3\envs\tennis\Lib\gzip.py", line 507, in read
    uncompress = self._decompressor.decompress(buf, size)
                 ^^^^^^^^^^^^^^^^^^^^^^^^^^^^^^^^^^^^^^^^
zlib.error: Error -3 while decompressing data: invalid block type
